
[1m[46m RUN [49m[22m [36mv4.1.1 [39m[90mD:/Looqbox/looqbox-frontend-challenge[39m

 [32mÔ£ô[39m src/components/pokemon-featured/__tests__/pokemon-featured.spec.tsx [2m([22m[2m2 tests[22m[2m)[22m[32m 280[2mms[22m[39m
 [32mÔ£ô[39m src/components/pokemon-title/__tests__/pokemon-title.spec.tsx [2m([22m[2m3 tests[22m[2m)[22m[32m 245[2mms[22m[39m
 [32mÔ£ô[39m src/components/info-card/__tests__/info-card.spec.tsx [2m([22m[2m1 test[22m[2m)[22m[32m 254[2mms[22m[39m
stderr | src/components/pokemon-stats/__tests__/pokemon-stats.spec.tsx > PokemonStats > should render pokemon stats
Warning: [antd: Progress] `strokeWidth` is deprecated. Please use `size` instead.
Warning: [antd: Progress] `strokeWidth` is deprecated. Please use `size` instead.
Warning: [antd: Progress] `strokeWidth` is deprecated. Please use `size` instead.

stderr | src/components/pokemon-stats/__tests__/pokemon-stats.spec.tsx > PokemonStats > should render pokemon stats values
Warning: [antd: Progress] `strokeWidth` is deprecated. Please use `size` instead.
Warning: [antd: Progress] `strokeWidth` is deprecated. Please use `size` instead.
Warning: [antd: Progress] `strokeWidth` is deprecated. Please use `size` instead.

stderr | src/components/pokemon-stats/__tests__/pokemon-stats.spec.tsx > PokemonStats > should render pokemon progress bar by base stat value
Warning: [antd: Progress] `strokeWidth` is deprecated. Please use `size` instead.
Warning: [antd: Progress] `strokeWidth` is deprecated. Please use `size` instead.
Warning: [antd: Progress] `strokeWidth` is deprecated. Please use `size` instead.

 [32mÔ£ô[39m src/components/pokemon-stats/__tests__/pokemon-stats.spec.tsx [2m([22m[2m3 tests[22m[2m)[22m[33m 333[2mms[22m[39m
[90mstdout[2m | src/components/pokemon-cries/__tests__/pokemon-cries.spec.tsx[2m > [22m[2mPokemonCries[2m > [22m[2mshould render pokemon cries sound buttons
[22m[39mplay

 [32mÔ£ô[39m src/components/pokemon-cries/__tests__/pokemon-cries.spec.tsx [2m([22m[2m1 test[22m[2m)[22m[33m 329[2mms[22m[39m
     [33m[2mÔ£ô[22m[39m should render pokemon cries sound buttons [33m 326[2mms[22m[39m

[2m Test Files [22m [1m[32m5 passed[39m[22m[90m (5)[39m
[2m      Tests [22m [1m[32m10 passed[39m[22m[90m (10)[39m
[2m   Start at [22m 21:20:33
[2m   Duration [22m 5.05s[2m (transform 206ms, setup 638ms, import 9.51s, tests 1.44s, environment 6.79s)[22m

